[datav1s10n.weebly.com/index.html]
[backblue.gif]
[fade.gif]
[index.html]
[datav1s10n.weebly.com/uploads/9/8/6/7/98677732/dusk-1_3_orig.png]
[datav1s10n.weebly.com/uploads/9/8/6/7/98677732/background-images/91018499.jpg]
[datav1s10n.weebly.com/download.html]
[datav1s10n.weebly.com/terms-of-service.html]
[datav1s10n.weebly.com/files/theme/pluginsff1d.js]
[datav1s10n.weebly.com/index.html]
[datav1s10n.weebly.com/files/theme/customff1d.js]
[datav1s10n.weebly.com/files/theme/images/quoteecf4.png]
[datav1s10n.weebly.com/files/theme/images/default-bgecf4.jpg]
[datav1s10n.weebly.com/files/main_styleecf4.css]
[datav1s10n.weebly.com/files/theme/images/select-dropdownecf4.png]
[datav1s10n.weebly.com/_/uploads/9/8/6/7/98677732/background-images/983230510.html]
[datav1s10n.weebly.com/download.html]
[datav1s10n.weebly.com/terms-of-service.html]
[datav1s10n.weebly.com/_/uploads/9/8/6/7/98677732/background-images/651829801.html]
[datav1s10n.weebly.com/_/uploads/9/8/6/7/98677732/background-images/91018499.html]
